
> frontend@0.1.0 build
> next build

Γû▓ Next.js 16.1.6 (Turbopack)
- Environments: .env.local

  Creating an optimized production build ...
Γ£ô Compiled successfully in 49s
  Running TypeScript ...
node.exe : Failed to 
compile.
At line:1 char:1
+ & "C:\Program Files
\nodejs/node.exe" 
"C:\Users\HP 
UAE\AppData\Roaming 
...
+ ~~~~~~~~~~~~~~~~~~~
~~~~~~~~~~~~~~~~~~~~~
~~~~~~~~~~~~~~~~~~~~~
~~~~~~~~
    + CategoryInfo   
           : NotSpe  
  cified: (Failed    
 to compile.:Stri    
ng) [], RemoteEx    
ception
    + FullyQualified 
   ErrorId : Native  
  CommandError
 

./src/app/admin/pharm
acy/page.tsx:162:46
Type error: Type '{ 
children: string; 
className: string; 
variant: "outline"; 
size: string; }' is 
not assignable to 
type 
'IntrinsicAttributes 
& BadgeProps'.
  Property 'size' 
does not exist on 
type 
'IntrinsicAttributes 
& BadgeProps'.

[0m [90m 160 
|[39m               
               pharma
cy[33m.[39mstatus 
[33m===[39m [32m"M
onitoring"[39m 
[33m?[39m [32m"bg-
amber-500/10 
text-amber-600 border
-amber-500/20"[39m 
[33m:[39m
 [90m 161 |[39m    
                     
     
[32m"bg-rose-500/10 
text-rose-600 border-
rose-500/20"[39m
[31m[1m>[22m[39m
[90m 162 |[39m      
                    
} variant[33m=[39m
[32m"outline"[39m si
ze[33m=[39m[32m"sm
"[39m[33m>[39m
 [90m     |[39m    
                     
                     
[31m[1m^[22m[39m
 [90m 163 |[39m    
                     
    {pharmacy[33m.[
39mstatus}
 [90m 164 |[39m    
                     
[33m<[39m[33m/[39
m[33mBadge[39m[33m
>[39m
 [90m 165 |[39m    
                 [33
m<[39m[33m/[39m[3
3mdiv[39m[33m>[39m
[0m
Next.js build worker 
exited with code: 1 
and signal: null
