src/app/admin/support/page.tsx(195,26): error TS2304: Cannot find name 'ChevronRight'.
src/app/patient/clinical-history/page.tsx(46,49): error TS7006: Parameter 'r' implicitly has an 'any' type.
src/app/patient/clinical-history/page.tsx(135,75): error TS7006: Parameter 'r' implicitly has an 'any' type.
src/app/patient/clinical-history/page.tsx(191,35): error TS7006: Parameter 'record' implicitly has an 'any' type.
src/components/doctor/dashboard/ai-avatar.tsx(91,14): error TS2304: Cannot find name 'Button'.
src/components/doctor/dashboard/ai-avatar.tsx(94,15): error TS2304: Cannot find name 'Button'.
src/components/doctor/dashboard/ai-avatar.tsx(96,12): error TS2304: Cannot find name 'Button'.
src/components/doctor/dashboard/ai-avatar.tsx(108,13): error TS2304: Cannot find name 'Button'.
src/components/doctor/dashboard/doctor-history-timeline.tsx(315,21): error TS2322: Type 'string' is not assignable to type 'never'.
src/components/doctor/dashboard/doctor-history-timeline.tsx(504,34): error TS2304: Cannot find name 'onViewRecord'.
src/components/doctor/dashboard/stat-cards.tsx(5,11): error TS2304: Cannot find name 'User'.
src/components/doctor/dashboard/stat-cards.tsx(16,11): error TS2304: Cannot find name 'UserPlus'.
src/components/doctor/dashboard/stat-cards.tsx(27,11): error TS2304: Cannot find name 'AlarmCheck'.
src/components/doctor/dashboard/stat-cards.tsx(38,11): error TS2304: Cannot find name 'MessageSquare'.
src/components/doctor/dashboard/stat-cards.tsx(55,12): error TS2304: Cannot find name 'Card'.
src/components/doctor/dashboard/stat-cards.tsx(58,14): error TS2304: Cannot find name 'CardContent'.
src/components/doctor/dashboard/stat-cards.tsx(65,18): error TS2304: Cannot find name 'Badge'.
src/components/doctor/dashboard/stat-cards.tsx(70,19): error TS2304: Cannot find name 'Badge'.
src/components/doctor/dashboard/stat-cards.tsx(79,15): error TS2304: Cannot find name 'CardContent'.
src/components/doctor/dashboard/stat-cards.tsx(80,13): error TS2304: Cannot find name 'Card'.
src/components/doctor/dialogs/appointment-detail-dialog.tsx(86,73): error TS2339: Property 'type' does not exist on type 'Appointment'.
src/components/doctor/dialogs/appointment-detail-dialog.tsx(117,63): error TS2339: Property 'isVirtual' does not exist on type 'Appointment'.
src/components/doctor/dialogs/appointment-detail-dialog.tsx(124,28): error TS2339: Property 'notes' does not exist on type 'Appointment'.
src/components/doctor/dialogs/appointment-detail-dialog.tsx(130,12): error TS2367: This comparison appears to be unintentional because the types '"Pending" | "Completed" | "Cancelled"' and '"Scheduled"' have no overlap.
src/components/doctor/dialogs/schedule-appointment-dialog.tsx(36,11): error TS2339: Property 'patients' does not exist on type '{ hasHydrated: boolean; isHydrating: boolean; getUsers: () => User[]; getAppointments: () => Appointment[]; getMessages: () => any; getRecords: () => any; getPrescriptions: () => any; ... 50 more ...; resetData: any; }'.
src/components/doctor/dialogs/schedule-appointment-dialog.tsx(50,39): error TS7006: Parameter 'u' implicitly has an 'any' type.
src/components/doctor/dialogs/schedule-appointment-dialog.tsx(65,40): error TS7006: Parameter 'p' implicitly has an 'any' type.
src/components/doctor/dialogs/schedule-appointment-dialog.tsx(77,9): error TS2322: Type '"Scheduled"' is not assignable to type '"Pending" | "Completed" | "Cancelled"'.
src/components/doctor/dialogs/schedule-appointment-dialog.tsx(121,34): error TS7006: Parameter 'p' implicitly has an 'any' type.
src/components/patient/appointments/book-appointment-dialog.tsx(69,37): error TS7006: Parameter 'd' implicitly has an 'any' type.
src/components/patient/appointments/book-appointment-dialog.tsx(75,50): error TS7006: Parameter 'd' implicitly has an 'any' type.
src/components/patient/appointments/book-appointment-dialog.tsx(77,25): error TS7006: Parameter 'd' implicitly has an 'any' type.
src/components/patient/appointments/book-appointment-dialog.tsx(79,42): error TS7006: Parameter 'd' implicitly has an 'any' type.
src/components/patient/appointments/book-appointment-dialog.tsx(117,9): error TS2322: Type '"Scheduled"' is not assignable to type '"Pending" | "Completed" | "Cancelled"'.
src/components/patient/appointments/book-appointment-dialog.tsx(175,35): error TS2322: Type 'unknown' is not assignable to type 'Key | null | undefined'.
src/components/patient/appointments/book-appointment-dialog.tsx(175,43): error TS2322: Type '{}' is not assignable to type 'string'.
src/components/patient/appointments/book-appointment-dialog.tsx(175,54): error TS2322: Type 'unknown' is not assignable to type 'ReactNode'.
src/components/patient/appointments/book-appointment-dialog.tsx(187,42): error TS7006: Parameter 'd' implicitly has an 'any' type.
src/components/patient/dashboard/dialogs/appointment-details-dialog.tsx(32,32): error TS2339: Property 'type' does not exist on type 'Appointment'.
src/components/patient/dashboard/dialogs/appointment-details-dialog.tsx(33,86): error TS2339: Property 'isVirtual' does not exist on type 'Appointment'.
src/components/patient/dashboard/dialogs/appointment-details-dialog.tsx(44,73): error TS2339: Property 'specialty' does not exist on type 'Appointment'.
src/components/patient/dashboard/dialogs/appointment-details-dialog.tsx(60,30): error TS2339: Property 'isVirtual' does not exist on type 'Appointment'.
src/components/patient/dashboard/dialogs/appointment-details-dialog.tsx(72,28): error TS2339: Property 'type' does not exist on type 'Appointment'.
src/components/patient/dashboard/dialogs/new-message-dialog.tsx(49,33): error TS7006: Parameter 'd' implicitly has an 'any' type.
src/components/patient/dashboard/dialogs/new-message-dialog.tsx(114,30): error TS7006: Parameter 'doc' implicitly has an 'any' type.
src/components/ui/calendar.tsx(57,9): error TS2353: Object literal may only specify known properties, and 'IconLeft' does not exist in type 'Partial<CustomComponents>'.
src/components/ui/chart.tsx(119,7): error TS2339: Property 'payload' does not exist on type 'Omit<Omit<Props<ValueType, NameType>, PropertiesReadFromContext> & { active?: boolean | undefined; allowEscapeViewBox?: AllowInDimension | undefined; ... 24 more ...; wrapperStyle?: CSSProperties | undefined; } & ClassAttributes<...> & HTMLAttributes<...> & { ...; }, "ref">'.
src/components/ui/chart.tsx(124,7): error TS2339: Property 'label' does not exist on type 'Omit<Omit<Props<ValueType, NameType>, PropertiesReadFromContext> & { active?: boolean | undefined; allowEscapeViewBox?: AllowInDimension | undefined; ... 24 more ...; wrapperStyle?: CSSProperties | undefined; } & ClassAttributes<...> & HTMLAttributes<...> & { ...; }, "ref">'.
src/components/ui/chart.tsx(188,25): error TS7006: Parameter 'item' implicitly has an 'any' type.
src/components/ui/chart.tsx(188,31): error TS7006: Parameter 'index' implicitly has an 'any' type.
src/components/ui/chart.tsx(264,41): error TS2344: Type '"payload" | "verticalAlign"' does not satisfy the constraint '"string" | "href" | "onMouseEnter" | "onTouchStart" | "onClick" | "media" | "target" | "type" | "suppressHydrationWarning" | "className" | "id" | "lang" | "nonce" | "slot" | "style" | ... 434 more ... | "onBBoxUpdate"'.
  Type '"payload"' is not assignable to type '"string" | "href" | "onMouseEnter" | "onTouchStart" | "onClick" | "media" | "target" | "type" | "suppressHydrationWarning" | "className" | "id" | "lang" | "nonce" | "slot" | "style" | ... 434 more ... | "onBBoxUpdate"'.
src/components/ui/chart.tsx(275,19): error TS2339: Property 'length' does not exist on type '{}'.
src/components/ui/chart.tsx(288,18): error TS2339: Property 'map' does not exist on type '{}'.
src/components/ui/chart.tsx(288,23): error TS7006: Parameter 'item' implicitly has an 'any' type.
src/components/ui/resizable.tsx(11,51): error TS2339: Property 'PanelGroup' does not exist on type 'typeof import("C:/fyp/FYP-hospital-Agent/frontend/node_modules/react-resizable-panels/dist/react-resizable-panels")'.
src/components/ui/resizable.tsx(12,23): error TS2339: Property 'PanelGroup' does not exist on type 'typeof import("C:/fyp/FYP-hospital-Agent/frontend/node_modules/react-resizable-panels/dist/react-resizable-panels")'.
src/components/ui/resizable.tsx(27,51): error TS2339: Property 'PanelResizeHandle' does not exist on type 'typeof import("C:/fyp/FYP-hospital-Agent/frontend/node_modules/react-resizable-panels/dist/react-resizable-panels")'.
src/components/ui/resizable.tsx(30,23): error TS2339: Property 'PanelResizeHandle' does not exist on type 'typeof import("C:/fyp/FYP-hospital-Agent/frontend/node_modules/react-resizable-panels/dist/react-resizable-panels")'.
src/components/ui/resizable.tsx(42,24): error TS2339: Property 'PanelResizeHandle' does not exist on type 'typeof import("C:/fyp/FYP-hospital-Agent/frontend/node_modules/react-resizable-panels/dist/react-resizable-panels")'.
src/hooks/use-data-store.ts(4,48): error TS2305: Module '"@/lib/hospital-core/MockDatabase"' has no exported member 'Message'.
src/hooks/use-data-store.ts(4,62): error TS2305: Module '"@/lib/hospital-core/MockDatabase"' has no exported member 'MedicalRecord'.
src/hooks/use-data-store.ts(4,82): error TS2305: Module '"@/lib/hospital-core/MockDatabase"' has no exported member 'Prescription'.
src/hooks/use-data-store.ts(4,101): error TS2305: Module '"@/lib/hospital-core/MockDatabase"' has no exported member 'Invoice'.
src/hooks/use-data-store.ts(4,115): error TS2305: Module '"@/lib/hospital-core/MockDatabase"' has no exported member 'LabResult'.
src/hooks/use-data-store.ts(4,131): error TS2305: Module '"@/lib/hospital-core/MockDatabase"' has no exported member 'AuditLog'.
src/hooks/use-data-store.ts(17,28): error TS2339: Property 'events' does not exist on type 'MockDatabase'.
src/hooks/use-data-store.ts(26,44): error TS2339: Property 'getMessages' does not exist on type 'MockDatabase'.
src/hooks/use-data-store.ts(27,43): error TS2339: Property 'getRecords' does not exist on type 'MockDatabase'.
src/hooks/use-data-store.ts(28,49): error TS2339: Property 'getPrescriptions' does not exist on type 'MockDatabase'.
src/hooks/use-data-store.ts(29,44): error TS2339: Property 'getInvoices' does not exist on type 'MockDatabase'.
src/hooks/use-data-store.ts(30,46): error TS2339: Property 'getLabResults' does not exist on type 'MockDatabase'.
src/hooks/use-data-store.ts(31,45): error TS2339: Property 'getAuditLogs' does not exist on type 'MockDatabase'.
src/hooks/use-data-store.ts(72,29): error TS2339: Property 'getEmptyStats' does not exist on type 'MockDatabase'.
src/hooks/use-data-store.ts(75,21): error TS2339: Property 'getUserById' does not exist on type 'MockDatabase'.
src/hooks/use-data-store.ts(76,24): error TS2339: Property 'getUsersByRole' does not exist on type 'MockDatabase'.
src/hooks/use-data-store.ts(77,20): error TS2339: Property 'getDoctors' does not exist on type 'MockDatabase'.
src/hooks/use-data-store.ts(78,27): error TS2339: Property 'getPendingDoctors' does not exist on type 'MockDatabase'.
src/hooks/use-data-store.ts(79,34): error TS2339: Property 'getAppointmentsByPatient' does not exist on type 'MockDatabase'.
src/hooks/use-data-store.ts(80,33): error TS2339: Property 'getAppointmentsByDoctor' does not exist on type 'MockDatabase'.
src/hooks/use-data-store.ts(81,33): error TS2339: Property 'getUpcomingAppointments' does not exist on type 'MockDatabase'.
src/hooks/use-data-store.ts(82,27): error TS2339: Property 'getMessagesByUser' does not exist on type 'MockDatabase'.
src/hooks/use-data-store.ts(83,26): error TS2339: Property 'getInboxMessages' does not exist on type 'MockDatabase'.
src/hooks/use-data-store.ts(84,24): error TS2339: Property 'getUnreadCount' does not exist on type 'MockDatabase'.
src/hooks/use-data-store.ts(85,29): error TS2339: Property 'getRecordsByPatient' does not exist on type 'MockDatabase'.
src/hooks/use-data-store.ts(86,28): error TS2339: Property 'getRecordsByDoctor' does not exist on type 'MockDatabase'.
src/hooks/use-data-store.ts(87,35): error TS2339: Property 'getPrescriptionsByPatient' does not exist on type 'MockDatabase'.
src/hooks/use-data-store.ts(88,34): error TS2339: Property 'getPrescriptionsByDoctor' does not exist on type 'MockDatabase'.
src/hooks/use-data-store.ts(89,30): error TS2339: Property 'getInvoicesByPatient' does not exist on type 'MockDatabase'.
src/hooks/use-data-store.ts(90,32): error TS2339: Property 'getLabResultsByPatient' does not exist on type 'MockDatabase'.
src/hooks/use-data-store.ts(91,24): error TS2339: Property 'getDoctorStats' does not exist on type 'MockDatabase'.
src/hooks/use-data-store.ts(92,25): error TS2339: Property 'getPatientStats' does not exist on type 'MockDatabase'.
src/hooks/use-data-store.ts(96,20): error TS2339: Property 'updateUser' does not exist on type 'MockDatabase'.
src/hooks/use-data-store.ts(98,22): error TS2339: Property 'verifyDoctor' does not exist on type 'MockDatabase'.
src/hooks/use-data-store.ts(102,33): error TS2339: Property 'updateAppointmentStatus' does not exist on type 'MockDatabase'.
src/hooks/use-data-store.ts(103,31): error TS2339: Property 'rescheduleAppointment' does not exist on type 'MockDatabase'.
src/hooks/use-data-store.ts(105,20): error TS2339: Property 'addMessage' does not exist on type 'MockDatabase'.
src/hooks/use-data-store.ts(106,25): error TS2339: Property 'markMessageRead' does not exist on type 'MockDatabase'.
src/hooks/use-data-store.ts(107,27): error TS2339: Property 'toggleMessageStar' does not exist on type 'MockDatabase'.
src/hooks/use-data-store.ts(109,19): error TS2339: Property 'addRecord' does not exist on type 'MockDatabase'.
src/hooks/use-data-store.ts(110,22): error TS2339: Property 'updateRecord' does not exist on type 'MockDatabase'.
src/hooks/use-data-store.ts(111,22): error TS2339: Property 'deleteRecord' does not exist on type 'MockDatabase'.
src/hooks/use-data-store.ts(112,25): error TS2339: Property 'addPrescription' does not exist on type 'MockDatabase'.
src/hooks/use-data-store.ts(113,20): error TS2339: Property 'addInvoice' does not exist on type 'MockDatabase'.
src/hooks/use-data-store.ts(114,20): error TS2339: Property 'payInvoice' does not exist on type 'MockDatabase'.
src/hooks/use-data-store.ts(115,22): error TS2339: Property 'addLabResult' does not exist on type 'MockDatabase'.
src/hooks/use-data-store.ts(116,21): error TS2339: Property 'addAuditLog' does not exist on type 'MockDatabase'.
src/hooks/use-data-store.ts(118,19): error TS2339: Property 'resetData' does not exist on type 'MockDatabase'.
